<html>
<body>
<pre>
<h1>µVision Build Log</h1>
<h2>Project:</h2>
C:\Keil\Labware\Single_74HC595_811\74HC595.uvproj
Project File Date:  05/16/2016

<h2>Output:</h2>
Rebuild target '74HC595'
assembling Startup.s...
compiling 74HC595.c...
linking...
Program Size: Code=628 RO-data=16 RW-data=0 ZI-data=1024  
".\74HC595.axf" - 0 Error(s), 0 Warning(s).
Load "C:\\Keil\\Labware\\Single_74HC595_811\\74HC595.axf" 
Warning: OSC to JTAG clock ratio violation - JTAG clock has been automatically adjusted to comply.
Connecting: Mode=JTAG, Speed=600000Hz
Erase Done.
Programming Done.
Verify OK.
</pre>
</body>
</html>
ingle_74HC595_811\\74HC595.axf" 
Warning: OSC to JTAG clock ratio violation - JTAG clock has been automatically adjusted to comply.
Connecting: Mode=JTAG, Speed=600000Hz
Erase Done.
Programming Done.
Verify OK.
